# Бинарные операции
>>> 2 + 5
7
>>> 6 * 7
42
>>> 4648646531341*363464965462632
1689620150961840610152349512
>>> 3 + 5 * 4
23
>>> (3 + 5) * 4
32
>>> 11111 * 1111111
12345554321
# Деление нацело
>>> 40 // 8
5
>>> 42 // 8
5
# Остаток
>>> 42 % 8
2
>>> 42 // (4 + 2 * (- 2))
Traceback (most recent call last):
  File "<pyshell#9>", line 1, in <module>
    42 // (4 + 2 * (- 2))
ZeroDivisionError: integer division or modulo by zero
#Последняя цифра числа
>>> 239 % 10
9
>>> 239 // 10
23
# Возведение в степень
>>> 2 ** 5
32
>>> 2014 ** 14
18064773765607550801425251468864907833685590016
# унарные операции
>>> - 42
-42
>>> + 42
42
# корректно:
>>> +-+ 42
-42
# не корректно:
>>> -*42
SyntaxError: invalid syntax
>>>

# Опрерации с вещественными числами
# числа с плавающей точкой, возможны не точности
>>> 0.5
0.5
>>> 0.5 + 0.3
0.8
>>> 5 / 2
2.5
>>> 5 // 2
2
>>> 0.3 + 0.3 + 0.3
0.8999999999999999
>>> 2 ** 5
32
>>> 9 ** 0.5
3.0
>>> 5e-1
0.5
>>> 1234e-2
12.34
>>> 1234e2
123400.0
>>> 
